// Vitest Snapshot v1, https://vitest.dev/guide/snapshot.html

exports[`ImprovementActionsTemplateLoadForm > renders correctly 1`] = `
<v-col-stub
  class="pa-4"
  cols="false"
  data-v-5b5e377a=""
  lg="false"
  md="false"
  sm="false"
  tag="div"
  xl="false"
  xxl="false"
>
  <evocon-v-input-stub
    class="mx-2"
    data-v-5b5e377a=""
    filled="true"
    grow="false"
    loading="false"
    modelvalue=""
    placeholder="Search"
    prepend-inner-icon="M9.5,3A6.5,6.5 0 0,1 16,9.5C16,11.11 15.41,12.59 14.44,13.73L14.71,14H15.5L20.5,19L19,20.5L14,15.5V14.71L13.73,14.44C12.59,15.41 11.11,16 9.5,16A6.5,6.5 0 0,1 3,9.5A6.5,6.5 0 0,1 9.5,3M9.5,5C7,5 5,7 5,9.5C5,12 7,14 9.5,14C12,14 14,12 14,9.5C14,7 12,5 9.5,5Z"
    truncateinput="false"
    type="text"
    usechip="false"
  />
  <div
    class="mx-2 pr-2 vertical-overflow"
    data-v-5b5e377a=""
  >
    <v-list-stub
      activatable="false"
      border="false"
      data-v-5b5e377a=""
      density="default"
      disabled="false"
      filterable="false"
      itemchildren="children"
      itemprops="props"
      items=""
      itemsregistration="render"
      itemtitle="title"
      itemtype="type"
      itemvalue="value"
      lines="one"
      mandatory="false"
      nav="false"
      navigationstrategy="focus"
      openstrategy="list"
      returnobject="false"
      selectable="false"
      selectstrategy="single-leaf"
      slim="false"
      tag="div"
      tile="false"
      variant="text"
    >
      
      
    </v-list-stub>
  </div>
  <v-card-actions-stub
    class="pt-6 justify-end"
    data-v-5b5e377a=""
    tag="div"
  >
    <evocon-v-button-stub
      color="grey-darken-4"
      data-v-5b5e377a=""
      icon=""
      iconcolor=""
      text="Cancel"
      textclass=""
      type="primary"
      variant="text"
    />
    <evocon-v-button-stub
      color="primary"
      data-v-5b5e377a=""
      disabled="true"
      icon=""
      iconcolor=""
      text="Save"
      textclass=""
      type="primary"
    />
  </v-card-actions-stub>
</v-col-stub>
`;
