// Vitest Snapshot v1, https://vitest.dev/guide/snapshot.html

exports[`SettingsActivityLogsSettingsOverview > renders correctly 1`] = `
<settings-activity-logs-template-stub
  entityname="settingsActivityLogs"
  filterconfiguration="[object Map]"
  headerselectionkey="settings"
  helpurl="https://support.evocon.com/Activity-logs-Settings-1d5dae0ba8028038b665fc472087f908"
  innerheader="Settings logs"
  overviewheader="Settings logs"
  tableheaders="[object Object],[object Object],[object Object],[object Object],[object Object],[object Object],[object Object],[object Object],[object Object],[object Object]"
/>
`;
