// Vitest Snapshot v1, https://vitest.dev/guide/snapshot.html

exports[`DashboardPageForm > renders correctly 1`] = `
<v-form-stub
  disabled="false"
  fastfail="false"
  modelvalue="true"
  validateon="input"
>
  <evocon-v-input-stub
    autofocus=""
    class="px-4 pt-4 mb-2"
    filled="true"
    grow="false"
    hint="Name"
    maxlength="25"
    modelmodifiers="[object Object]"
    modelvalue=""
    placeholder="Name"
    required=""
    rules="function () { [native code] }"
    truncateinput="false"
    type="text"
    usechip="false"
    validate-on-blur=""
  />
  <v-card-actions-stub
    tag="div"
  >
    <v-spacer-stub
      tag="div"
    />
    <evocon-v-button-stub
      color=""
      icon=""
      iconcolor=""
      text="Cancel"
      textclass=""
      type="secondary"
    />
    <evocon-v-button-stub
      color="primary"
      icon=""
      iconcolor=""
      text="Save"
      textclass=""
      type="primary"
    />
  </v-card-actions-stub>
</v-form-stub>
`;
