// Vitest Snapshot v1, https://vitest.dev/guide/snapshot.html

exports[`ShiftViewWidgetsBottomSheet > renders correctly 1`] = `
<div
  class="pa-4 pt-2 d-flex flex-column flex-grow-1"
>
  <div
    class="bg-black pa-2 rounded d-flex flex-column flex-grow-1"
  >
    <widget-tabs-row-stub
      backgroundcolor="black"
      dark="false"
      height="33"
      modelvalue="0"
      showarrows="true"
      sizeclass="text-body-medium"
      widgetslist="[object Object],[object Object]"
    />
    <widget-renderer-stub
      large="true"
      valueclass=""
      widget="[object Object]"
      widgetkey="0"
    />
  </div>
</div>
`;
