// Vitest Snapshot v1, https://vitest.dev/guide/snapshot.html

exports[`SettingsOperatorsOverview > renders correctly 1`] = `
<settings-entities-overview-stub
  arecolsloading="false"
  arerowsclickable="true"
  caneditgroups="true"
  customviews=""
  entityname="operator"
  filterconfiguration="[object Map]"
  groupfields=""
  groups=""
  hasgroupview="false"
  hideresetbtn="false"
  isdeletinggroupinprogress="false"
  items="[object Object],[object Object]"
  languagetextentity=""
  menuitems=""
  namefield="name"
  navigatetoeditroute="true"
  openpanelsonfilter="true"
  overviewheader="Operators"
  primarybtntext="operator"
  saveactionname=""
  secondarybtntext=""
  showdragicon="false"
  showemptygroups="true"
  showglobalgroupsicon="false"
  showgroupitemscount="true"
  statuskey="enabled"
  tableheaders="[object Object],[object Object],[object Object],[object Object],[object Object],[object Object]"
  togglebtnvalue="list"
  usebackendfiltering="false"
/>
`;
