// Vitest Snapshot v1, https://vitest.dev/guide/snapshot.html

exports[`ReportsBackBtn > renders correctly 1`] = `
<evocon-v-button-stub
  class="mb-2"
  color=""
  icon="M20,11V13H8L13.5,18.5L12.08,19.92L4.16,12L12.08,4.08L13.5,5.5L8,11H20Z"
  iconcolor=""
  id="reports-back-btn"
  style="display: none;"
  text=""
  textclass=""
  type="primary"
/>
`;
