// Vitest Snapshot v1, https://vitest.dev/guide/snapshot.html

exports[`WidgetPlaceholder > renders correctly 1`] = `
<div
  class="fill-height d-block pos-relative"
  data-v-69cb665e=""
>
  <v-hover-stub
    class="d-print-none"
    data-v-69cb665e=""
    disabled="false"
  >
    <v-row-stub
      class="fill-height d-print-none bg-primary-dark"
      data-v-69cb665e=""
      dense="false"
      density="default"
      nogutters="false"
      tag="div"
    >
      <v-col-stub
        class="widget-placeholder fill-height"
        cols="false"
        data-v-69cb665e=""
        lg="false"
        md="false"
        sm="false"
        tag="div"
        xl="false"
        xxl="false"
      >
        <v-row-stub
          class="fill-height justify-center align-center"
          data-v-69cb665e=""
          dense="false"
          density="default"
          nogutters="false"
          tag="div"
        >
          <div
            class="text-center"
            data-v-69cb665e=""
          >
            <evocon-v-button-stub
              color="primary"
              data-v-69cb665e=""
              icon="M19,13H13V19H11V13H5V11H11V5H13V11H19V13Z"
              iconcolor=""
              text="Add widget"
              textclass=""
              type="primary-light"
            />
          </div>
          <div
            class="widget-mr-evocon-container"
            data-v-69cb665e=""
          >
            <img
              alt="Mr Evocon"
              data-v-69cb665e=""
              src="/src/assets/images/WidgetMrEvocon.svg"
            />
          </div>
        </v-row-stub>
      </v-col-stub>
    </v-row-stub>
  </v-hover-stub>
</div>
`;
