// Vitest Snapshot v1, https://vitest.dev/guide/snapshot.html

exports[`MessageNotification > renders correctly 1`] = `
<evocon-v-snackbar-stub
  description="description"
  icon="M20,8L12,13L4,8V6L12,11L20,6M20,4H4C2.89,4 2,4.89 2,6V18A2,2 0 0,0 4,20H20A2,2 0 0,0 22,18V6C22,4.89 21.1,4 20,4Z"
  label=""
  location="bottom center"
  max-width="1100"
  min-height="68"
  min-width="573"
  model-value="false"
  timeout="-1"
  type=""
/>
`;
