// Vitest Snapshot v1, https://vitest.dev/guide/snapshot.html

exports[`SettingsAPIKeyCompletionDialog > renders correctly 1`] = `
<div
  data-v-app=""
>
  
  <dialog-toolbar-stub
    color="white"
    data-v-44323e6a=""
    iconcolor="secondary-text"
    title="New: API key"
    titleicon=""
  />
  <v-card-stub
    border="false"
    class="elevation-0"
    data-v-44323e6a=""
    density="default"
    disabled="false"
    exact="false"
    flat="false"
    hover="false"
    loading="false"
    replace="false"
    ripple="true"
    tag="div"
    tile="false"
    variant="elevated"
  >
    <div
      class="dialog-content"
      data-v-44323e6a=""
    >
      <div
        class="px-3"
        data-v-44323e6a=""
      >
        
        <v-form-stub
          disabled="false"
          fastfail="false"
          modelvalue="true"
          validateon="input"
        >
          <info-block-stub
            body="Never share the secret key via unsecured channels. Never send it to Evocon support."
            class="mx-1"
            collapsible="false"
            color="#F28A0D"
            header=""
            headertextcolor="text-secondary-text"
            icon="M11,15H13V17H11V15M11,7H13V13H11V7M12,2C6.47,2 2,6.5 2,12A10,10 0 0,0 12,22A10,10 0 0,0 22,12A10,10 0 0,0 12,2M12,20A8,8 0 0,1 4,12A8,8 0 0,1 12,4A8,8 0 0,1 20,12A8,8 0 0,1 12,20Z"
          />
          <v-row-stub
            class="my-4"
            dense="false"
            density="default"
            nogutters="false"
            tag="div"
          >
            <v-col-stub
              class="mx-1"
              cols="false"
              lg="false"
              md="false"
              sm="false"
              tag="div"
              xl="false"
              xxl="false"
            >
              <content-column-stub
                contentheader="API key"
                contentvalue="asd123"
                haserror="false"
                prependicon="M7 7H5A2 2 0 0 0 3 9V17H5V13H7V17H9V9A2 2 0 0 0 7 7M7 11H5V9H7M14 7H10V17H12V13H14A2 2 0 0 0 16 11V9A2 2 0 0 0 14 7M14 11H12V9H14M20 9V15H21V17H17V15H18V9H17V7H21V9Z"
              />
            </v-col-stub>
            <v-col-stub
              class="mx-1"
              cols="false"
              lg="false"
              md="false"
              sm="false"
              tag="div"
              xl="false"
              xxl="false"
            >
              <content-column-stub
                contentheader="Secret key"
                contentvalue="123asd"
                haserror="false"
                prependicon="M7 14C5.9 14 5 13.1 5 12S5.9 10 7 10 9 10.9 9 12 8.1 14 7 14M12.6 10C11.8 7.7 9.6 6 7 6C3.7 6 1 8.7 1 12S3.7 18 7 18C9.6 18 11.8 16.3 12.6 14H16V18H20V14H23V10H12.6Z"
              />
            </v-col-stub>
          </v-row-stub>
          <evocon-v-checkbox-stub
            class="mx-1"
            dark="false"
            disabled="false"
            label="I understand this secret key will not be available again and I have copied it."
            modelvalue="false"
            rules="v => !!v"
            sublabel=""
            truevalue="true"
          />
        </v-form-stub>
        
      </div>
      <!--v-if-->
      <div
        class="px-3"
        data-v-44323e6a=""
      >
        
        
      </div>
    </div>
    <v-card-actions-stub
      class=""
      data-v-44323e6a=""
      tag="div"
    >
      
      <v-spacer-stub
        tag="div"
      />
      <evocon-v-button-stub
        color="primary"
        icon=""
        iconcolor=""
        text="Done"
        textclass=""
        type="primary"
      />
      
    </v-card-actions-stub>
  </v-card-stub>
  
</div>
`;
