// Vitest Snapshot v1, https://vitest.dev/guide/snapshot.html

exports[`EvoconVTooltipWrap > renders correctly 1`] = `
<v-tooltip-stub
  activatorprops="[object Object]"
  attach="false"
  closeonback="false"
  closeoncontentclick="false"
  contained="false"
  disabled="false"
  eager="true"
  interactive="false"
  location="top"
  locationstrategy="connected"
  minwidth="0"
  modelvalue="false"
  noclickanimation="false"
  offset="10"
  opendelay="500"
  openonclick="false"
  openonhover="true"
  origin="auto"
  persistent="false"
  scrim="false"
  scrollstrategy="reposition"
  sticktotarget="false"
  viewportmargin="12"
  zindex="2000"
/>
`;
