// Vitest Snapshot v1, https://vitest.dev/guide/snapshot.html

exports[`PerformanceLossSlice > renders correctly 1`] = `
<div
  data-v-381d560d=""
>
  <div
    class="performance-loss"
    data-v-381d560d=""
    id="performance-loss-1"
    style="left: 0%; width: 5%;"
  >
    <slice-notes-icon-stub
      data-v-381d560d=""
    />
  </div>
  <!--v-if-->
</div>
`;
