// Vitest Snapshot v1, https://vitest.dev/guide/snapshot.html

exports[`SelectionListItemGroup > renders correctly 1`] = `
<div
  data-v-app=""
>
  
  <v-hover-stub
    disabled="false"
  >
    <v-list-item-stub
      border="false"
      class="bg-primary-tint py-0"
      density="compact"
      disabled="false"
      exact="false"
      height="40px"
      lines="false"
      nav="false"
      replace="false"
      ripple="true"
      slim="false"
      tag="div"
      tile="false"
      value="1"
      variant="text"
    >
      <list-item-contents-stub
        checkbox="true"
        color="primary"
        dark="false"
        dense="true"
        disabled="true"
        error="true"
        flagcountrycode=""
        iconcolor=""
        iconsize=""
        indeterminate="false"
        inputvalue="true"
        isgroupactivatoritem="false"
        issingleselect="true"
        loading="false"
        primaryhighlight="string"
        primarytext="item1"
        secondaryhighlight=""
        secondarytext="secondary"
        tertiaryhighlight=""
        tertiarytext="tertiary"
        tertiarytextclasses="string"
        tertiarytextstyle="[object Object]"
      />
    </v-list-item-stub>
  </v-hover-stub>
  <v-hover-stub
    disabled="false"
  >
    <v-list-item-stub
      border="false"
      class="bg-primary-tint py-0"
      density="compact"
      disabled="false"
      exact="false"
      height="40px"
      lines="false"
      nav="false"
      replace="false"
      ripple="true"
      slim="false"
      tag="div"
      tile="false"
      value="1"
      variant="text"
    >
      <list-item-contents-stub
        checkbox="true"
        color="primary"
        dark="false"
        dense="true"
        disabled="true"
        error="true"
        flagcountrycode=""
        iconcolor=""
        iconsize=""
        indeterminate="false"
        inputvalue="true"
        isgroupactivatoritem="false"
        issingleselect="true"
        loading="false"
        primaryhighlight="string"
        primarytext="item1"
        secondaryhighlight=""
        secondarytext="secondary"
        tertiaryhighlight=""
        tertiarytext="tertiary"
        tertiarytextclasses="string"
        tertiarytextstyle="[object Object]"
      />
    </v-list-item-stub>
  </v-hover-stub>
  
</div>
`;
