// Vitest Snapshot v1, https://vitest.dev/guide/snapshot.html

exports[`SettingsShiftsNoShiftDialog > matches snapshot 1`] = `
"<div data-v-91599494="">
  <dialog-toolbar-stub data-v-91599494="" title="No shift" titleicon="" color="white" iconcolor=""></dialog-toolbar-stub>
  <v-card-text-stub data-v-91599494="" class="pb-0 dialog-content px-2 pt-2" tag="div">
    <evocon-v-table-stub items="" height="auto" width="auto" options="[object Object]" headers="[object Object],[object Object],[object Object],[object Object]" arerowsclickable="true" disablepagination="true" arecolsloading="false" hiddenrowkeys="" emptyviewheader="" emptyviewdescription="" emptyviewimg="reports" emptyviewbtnicon="" emptyviewbtn="" primaryemptyviewbtn="" emptyviewbtncolor="" resizeable="true" group="" hidedefaultfooter="true"></evocon-v-table-stub>
  </v-card-text-stub>
  <v-card-actions-stub data-v-91599494="" class="" tag="div">
    <v-spacer-stub tag="div"></v-spacer-stub>
    <evocon-v-button-stub icon="" text="Close" type="secondary" color="" iconcolor="" textclass="" id="cancel-button"></evocon-v-button-stub>
  </v-card-actions-stub>
</div>"
`;
