// Vitest Snapshot v1, https://vitest.dev/guide/snapshot.html

exports[`ImprovementsBarChart > renders correctly 1`] = `
<div
  class="chart-wrapper"
  data-v-8eb5c930=""
>
  <improvements-chart-stub
    alldates="[object Object]"
    averagetooltiphtmlfunc="[Function]"
    bartooltiphtmlfunc="[Function]"
    baselineaverage="0"
    chartcolors="[object Object]"
    chartmaxval="NaN"
    chartykey="count"
    completedactions=""
    data="[object Object]"
    data-v-8eb5c930=""
    isperstopchart="false"
    isprojectdatameasuredbytime="false"
    measuretooltiphtmlfunc="[Function]"
    project="[object Object]"
    screenwidth="1920"
    solutions=""
    stats="[object Object]"
    targetval="0"
    tickinterval="1000"
  />
</div>
`;
