// Vitest Snapshot v1, https://vitest.dev/guide/snapshot.html

exports[`SettingsPositionsOverview > it mounts correctly 1`] = `
<settings-entities-overview-stub
  arecolsloading="false"
  arerowsclickable="true"
  caneditgroups="false"
  customviews=""
  emptyviewdescriptionoverride="Link reasons to specific machine locations to track exactly where issues occur"
  emptyviewheaderoverride="Define fault locations of the machines"
  emptyviewimgoverride="machine-locations"
  emptyviewsecondarybtn="Location"
  emptyviewsecondarybtncolor="primary"
  emptyviewsecondarybtnicon="M19,13H13V19H11V13H5V11H11V5H13V11H19V13Z"
  emptyviewtertiarybtn="Learn more"
  entityname="position"
  filterconfiguration="[object Map]"
  groupfields=""
  groups="[object Object],[object Object]"
  hasgroupview="true"
  hideresetbtn="false"
  isdeletinggroupinprogress="false"
  items="[object Object],[object Object],[object Object]"
  languagetextentity=""
  loading="false"
  menuitems=""
  namefield="name"
  navigatetoeditroute="true"
  openpanelsonfilter="true"
  overviewheader="Machine locations"
  primarybtntext="Location"
  saveactionname=""
  secondarybtntext=""
  showdragicon="false"
  showemptygroups="false"
  showglobalgroupsicon="false"
  showgroupitemscount="true"
  statuskey="enabled"
  tableheaders="[object Object],[object Object],[object Object],[object Object],[object Object],[object Object]"
  togglebtnvalue="list"
  usebackendfiltering="false"
/>
`;
