// Vitest Snapshot v1, https://vitest.dev/guide/snapshot.html

exports[`SelectionMenu > renders correctly 1`] = `
<v-menu-stub
  activatorprops="[object Object]"
  attach="false"
  capturefocus="true"
  closedelay="250"
  closeonback="true"
  closeoncontentclick="false"
  contained="false"
  disabled="false"
  disableinitialfocus="false"
  eager="false"
  locationstrategy="connected"
  modelvalue="false"
  noclickanimation="false"
  offset="0px"
  opendelay="300"
  openonhover="false"
  origin="auto"
  persistent="false"
  retainfocus="false"
  scrim="false"
  scrollstrategy="reposition"
  sticktotarget="false"
  submenu="false"
  transition="[object Object]"
  viewportmargin="12"
  zindex="2000"
>
  <v-sheet-stub
    border="false"
    tag="div"
    theme="light"
    tile="false"
  >
    <grouped-selection-stub
      allowedgroupitemids=""
      alloweditemids=""
      dark="false"
      defaultgroupsopen="false"
      dense="true"
      disabled="false"
      disabledvalues=""
      emptyequalsallselected="false"
      flat="false"
      groupidkey="id"
      grouplabelkey="name"
      groups=""
      groupsorderby="name"
      hasselectalloption="true"
      height="300px"
      hidesearch="false"
      inverted="false"
      isdropdown="true"
      issearchfocused="true"
      issingleselect="false"
      itemgroupidkey="groupId"
      itemidkey="string"
      itemlabelkey="name"
      items=""
      itemsecondarytext="string"
      itemtertiarytext="string"
      itemtertiarytextclasses="string"
      loading="false"
      maxwidth=""
      menuopen="true"
      modelvalue=""
      numericorderby="false"
      remove-non-existent-selections="true"
      required="false"
      search=""
      searchbysecondarytext="false"
      showappendonhover="false"
      someselected="false"
      usecustomsorting="false"
      valid="true"
    />
    <div
      class="pa-4 pt-2 d-flex justify-end"
      id="menu-actions"
    >
      
      
      <v-spacer-stub
        tag="div"
      />
      <evocon-v-button-stub
        class="mr-2"
        color=""
        icon=""
        iconcolor=""
        size="small"
        text="Cancel"
        textclass=""
        type="primary"
      />
      <evocon-v-button-stub
        color="primary"
        icon=""
        iconcolor=""
        loading="false"
        size="small"
        text="Apply"
        textclass=""
        type="primary"
      />
    </div>
  </v-sheet-stub>
</v-menu-stub>
`;
