// Vitest Snapshot v1, https://vitest.dev/guide/snapshot.html

exports[`ShiftViewCurrentBatchBlock > renders correctly 1`] = `
<div
  class="pa-2 align-center bg-black d-flex flex-column rounded overflow-hidden"
>
  
  <div
    class="shift-view-label mb-2"
  >
    Current batch
  </div>
  <current-batch-stub
    expanded="false"
    large="false"
    progresstype="bar"
    showflagicon="false"
    valueclass=""
  />
  
</div>
`;

exports[`ShiftViewCurrentBatchBlock > renders correctly when loading is true 1`] = `
<div
  class="bg-black d-flex flex-column rounded overflow-hidden"
>
  <shift-view-skeleton-loader-stub />
</div>
`;
