// Vitest Snapshot v1, https://vitest.dev/guide/snapshot.html

exports[`MobileShiftViewWidgetsDialog > renders correctly 1`] = `
<div
  class="px-2 pb-2 overflow-y-auto"
  data-v-897b3904=""
>
  <shift-view-shift-quantity-block-stub
    compact="false"
    data-v-897b3904=""
    large="false"
    loading="false"
    targetclass="text-body-medium"
    valueclass="text-headline-large"
  />
  <shift-view-batch-widget-block-stub
    buttonsize="default"
    class="my-2"
    data-v-897b3904=""
    expanded="true"
    headerbottommarginclass="mb-0"
    large="false"
    loading="false"
    progresstype="bar"
    showcurrentbatch="true"
    valueclass=""
  />
  <oee-component-stub
    class="mb-2"
    data-v-897b3904=""
    expanded="true"
    labelclass=""
    loading="false"
    oeeclass="text-headline-large"
    oeecomponentsclass="text-body-medium"
    vertical="true"
  />
  <div
    class="pa-2 bg-black rounded d-flex flex-column widget-container"
    data-v-897b3904=""
  >
    <widget-tabs-row-stub
      backgroundcolor="black"
      dark="false"
      data-v-897b3904=""
      height="33"
      modelvalue="0"
      showarrows="true"
      sizeclass="text-body-medium"
      widgetslist="[object Object],[object Object]"
    />
    <widget-renderer-stub
      data-v-897b3904=""
      large="false"
      valueclass="text-headline-large"
      widget="[object Object]"
      widgetkey="0"
    />
  </div>
</div>
`;
