// Vitest Snapshot v1, https://vitest.dev/guide/snapshot.html

exports[`ColorSelectionInput > renders 1`] = `
<selection-input-stub
  checkbox="false"
  coloractiveprepend="false"
  disabled="false"
  disabledvalues=""
  emittoggleall="false"
  emptyequalsallselected="false"
  error="false"
  filled="true"
  groupidkey="id"
  groups=""
  groupsorderby="name"
  hiddenitemscount="0"
  hidesearch="true"
  hint="Select color"
  inverted="false"
  isgroupedselect="false"
  issingleselect="true"
  itemflag=""
  itemgroupidkey="groupId"
  itemicon="M12,2A10,10 0 0,0 2,12A10,10 0 0,0 12,22A10,10 0 0,0 22,12A10,10 0 0,0 12,2Z"
  itemiconcolorkey="hex"
  items="[object Object],[object Object],[object Object],[object Object],[object Object],[object Object],[object Object],[object Object],[object Object],[object Object],[object Object],[object Object],[object Object],[object Object]"
  itemsecondarytext=""
  itemtertiarytext=""
  itemtext="name"
  itemvalue="hex"
  loading="false"
  menuinputtype="primary"
  modelvalue="#FA8072"
  numericorderby="false"
  placeholder="Color"
  prependtext=""
  removenonexistentselections="false"
  required="true"
  selected-item-icon="M10,17L5,12L6.41,10.58L10,14.17L17.59,6.58L19,8M12,2A10,10 0 0,0 2,12A10,10 0 0,0 12,22A10,10 0 0,0 22,12A10,10 0 0,0 12,2Z"
  showemptyarrayasallselected="false"
  someselected="false"
  totalcount="0"
  usechips="false"
/>
`;
