// Vitest Snapshot v1, https://vitest.dev/guide/snapshot.html

exports[`ReportsChartOptionsMenu > renders correctly with multiple items 1`] = `
<v-menu-stub
  activatorprops="[object Object]"
  attach="false"
  capturefocus="true"
  closedelay="250"
  closeonback="true"
  closeoncontentclick="true"
  contained="false"
  disabled="false"
  disableinitialfocus="false"
  eager="false"
  location="bottom left"
  locationstrategy="connected"
  modelvalue="false"
  noclickanimation="false"
  opendelay="300"
  openonhover="false"
  origin="auto"
  persistent="false"
  retainfocus="false"
  scrim="false"
  scrollstrategy="reposition"
  sticktotarget="false"
  submenu="false"
  transition="[object Object]"
  viewportmargin="12"
  zindex="2000"
>
  <v-list-stub
    activatable="false"
    border="false"
    density="compact"
    disabled="false"
    filterable="false"
    itemchildren="children"
    itemprops="props"
    items=""
    itemsregistration="render"
    itemtitle="title"
    itemtype="type"
    itemvalue="value"
    lines="one"
    mandatory="false"
    nav="false"
    navigationstrategy="focus"
    openstrategy="list"
    returnobject="false"
    selectable="false"
    selectstrategy="single-leaf"
    slim="false"
    tag="div"
    tile="false"
    variant="text"
  >
    
    <v-list-item-stub
      active="false"
      activeclass="text-primary-dark bg-primary-tint"
      border="false"
      density="default"
      disabled="false"
      exact="false"
      lines="false"
      nav="false"
      replace="false"
      ripple="true"
      slim="false"
      tag="div"
      tile="false"
      variant="text"
    >
      <list-item-contents-stub
        checkbox="true"
        color="primary"
        dense="true"
        disabled="false"
        error="false"
        flagcountrycode=""
        icon=""
        iconcolor=""
        iconsize=""
        indeterminate="false"
        inputvalue="false"
        isgroupactivatoritem="false"
        issingleselect="true"
        loading="false"
        primaryhighlight=""
        primarytext="label"
        secondaryhighlight=""
        secondarytext=""
        tertiaryhighlight=""
        tertiarytext=""
        tertiarytextclasses=""
      />
    </v-list-item-stub>
    <v-list-item-stub
      active="false"
      activeclass="text-primary-dark bg-primary-tint"
      border="false"
      density="default"
      disabled="false"
      exact="false"
      lines="false"
      nav="false"
      replace="false"
      ripple="true"
      slim="false"
      tag="div"
      tile="false"
      variant="text"
    >
      <list-item-contents-stub
        checkbox="true"
        color="primary"
        dense="true"
        disabled="false"
        error="false"
        flagcountrycode=""
        icon=""
        iconcolor=""
        iconsize=""
        indeterminate="false"
        inputvalue="false"
        isgroupactivatoritem="false"
        issingleselect="true"
        loading="false"
        primaryhighlight=""
        primarytext="label2"
        secondaryhighlight=""
        secondarytext=""
        tertiaryhighlight=""
        tertiarytext=""
        tertiarytextclasses=""
      />
    </v-list-item-stub>
    
  </v-list-stub>
</v-menu-stub>
`;

exports[`ReportsChartOptionsMenu > renders correctly with one menu item 1`] = `<!--v-if-->`;
