// Vitest Snapshot v1, https://vitest.dev/guide/snapshot.html

exports[`ReportsDataPreprocessor > if buildPreprocessedEntries creates processed entries with expected properties for config type: OEE 1`] = `
[
  {
    "%groupId": "oee",
    "%order": 5,
    "availability": 100,
    "availabilityValue": 1,
    "color": "#000",
    "commentedstop": 0,
    "date": "2022-11-08",
    "definedQty": 237.35,
    "definedScrapQty": 0,
    "entityGroupName": "oee",
    "idealperformanceqty": 125.33,
    "idealqty": 125.33,
    "oee": 189.38,
    "oeeGroupCalendarTimeSec": undefined,
    "oeeGroupPlannedStopNotIncludedInOEE": 0,
    "oeeGroupPlannedTime": 14100,
    "oeeGroupTotalAltQty": 137.35,
    "oeeGroupTotalQty": 237.35,
    "oeeValue": 1.89380037,
    "operator": "",
    "performance": 189.380037,
    "performanceValue": 1.89380037,
    "plannedstop": 0,
    "plannedstopnotincludedinoee": 0,
    "plannedtime": 14100,
    "product": "Evocon device II",
    "productId": 502,
    "productiontime": 14100,
    "qty": 237.35,
    "quality": 100,
    "qualityValue": 1,
    "rowproducedaltqty": 137.35,
    "rowproducedqty": 237.35,
    "scrapqty": 0,
    "shifttemplate": "Kerli test shift",
    "station": "Evocon production line T2",
    "stationId": 1,
    "stationgroup": "Tehas 2",
    "stationgroupId": 1,
    "teamId": 0,
    "technicalavailability": 100,
    "technicalavailabilityValue": 1,
    "technicalstop": 0,
    "uncommentedstop": 0,
    "unitId": "pc",
    "unplannedstop": 0,
  },
  {
    "%groupId": "availability",
    "%order": 4,
    "availability": 100,
    "availabilityGroupCalendarTimeSec": undefined,
    "availabilityGroupPlannedStopNotIncludedInOEE": 0,
    "availabilityGroupPlannedTime": 14100,
    "availabilityGroupProductionTime": 14100,
    "availabilityGroupTotalAltQty": 137.35,
    "availabilityGroupTotalQty": 237.35,
    "availabilityValue": 1,
    "color": "#2ECC71",
    "commentedstop": 0,
    "date": "2022-11-08",
    "definedQty": 237.35,
    "definedScrapQty": 0,
    "entityGroupName": "availability",
    "idealperformanceqty": 0,
    "idealqty": 125.33,
    "oee": 189.38,
    "oeeValue": 1.89380037,
    "operator": "",
    "performance": 189.380037,
    "performanceValue": 1.89380037,
    "plannedstop": 0,
    "plannedstopnotincludedinoee": 0,
    "plannedtime": 0,
    "product": "Evocon device II",
    "productId": 502,
    "productiontime": 0,
    "qty": 0,
    "quality": 100,
    "qualityValue": 1,
    "rowproducedaltqty": 137.35,
    "scrapqty": 0,
    "shifttemplate": "Kerli test shift",
    "station": "Evocon production line T2",
    "stationId": 1,
    "stationgroup": "Tehas 2",
    "stationgroupId": 1,
    "teamId": 0,
    "technicalavailability": 100,
    "technicalavailabilityValue": 1,
    "technicalstop": 0,
    "uncommentedstop": 0,
    "unitId": "pc",
    "unplannedstop": 0,
  },
  {
    "%groupId": "performance",
    "%order": 3,
    "availability": 100,
    "availabilityValue": 1,
    "color": "#FDD505",
    "commentedstop": 0,
    "date": "2022-11-08",
    "definedQty": 237.35,
    "definedScrapQty": 0,
    "entityGroupName": "performance",
    "idealperformanceqty": 0,
    "idealqty": 125.33,
    "oee": 189.38,
    "oeeValue": 1.89380037,
    "operator": "",
    "performance": 189.380037,
    "performanceGroupCalendarTimeSec": undefined,
    "performanceGroupIdealPerfQty": 125.33,
    "performanceGroupPlannedStopNotIncludedInOEE": 0,
    "performanceGroupPlannedTime": 14100,
    "performanceGroupQty": 237.35,
    "performanceGroupTotalAltQty": 137.35,
    "performanceGroupTotalQty": 237.35,
    "performanceValue": 1.89380037,
    "plannedstop": 0,
    "plannedstopnotincludedinoee": 0,
    "plannedtime": 0,
    "product": "Evocon device II",
    "productId": 502,
    "productiontime": 0,
    "qty": 0,
    "quality": 100,
    "qualityValue": 1,
    "rowproducedaltqty": 137.35,
    "scrapqty": 0,
    "shifttemplate": "Kerli test shift",
    "station": "Evocon production line T2",
    "stationId": 1,
    "stationgroup": "Tehas 2",
    "stationgroupId": 1,
    "teamId": 0,
    "technicalavailability": 100,
    "technicalavailabilityValue": 1,
    "technicalstop": 0,
    "uncommentedstop": 0,
    "unitId": "pc",
    "unplannedstop": 0,
  },
  {
    "%groupId": "quality",
    "%order": 2,
    "availability": 100,
    "availabilityValue": 1,
    "color": "#F28A0D",
    "commentedstop": 0,
    "date": "2022-11-08",
    "definedQty": 237.35,
    "definedScrapQty": 0,
    "entityGroupName": "quality",
    "idealperformanceqty": 0,
    "idealqty": 125.33,
    "oee": 189.38,
    "oeeValue": 1.89380037,
    "operator": "",
    "performance": 189.380037,
    "performanceValue": 1.89380037,
    "plannedstop": 0,
    "plannedstopnotincludedinoee": 0,
    "plannedtime": 0,
    "product": "Evocon device II",
    "productId": 502,
    "productiontime": 0,
    "qty": 0,
    "quality": 100,
    "qualityGroupCalendarTimeSec": undefined,
    "qualityGroupPlannedStopNotIncludedInOEE": 0,
    "qualityGroupPlannedTime": 14100,
    "qualityGroupQty": 237.35,
    "qualityGroupScrapQty": 0,
    "qualityGroupTotalAltQty": 137.35,
    "qualityGroupTotalQty": 237.35,
    "qualityValue": 1,
    "rowproducedaltqty": 137.35,
    "scrapqty": 0,
    "shifttemplate": "Kerli test shift",
    "station": "Evocon production line T2",
    "stationId": 1,
    "stationgroup": "Tehas 2",
    "stationgroupId": 1,
    "teamId": 0,
    "technicalavailability": 100,
    "technicalavailabilityValue": 1,
    "technicalstop": 0,
    "uncommentedstop": 0,
    "unitId": "pc",
    "unplannedstop": 0,
  },
  {
    "%groupId": "technicalAvailability",
    "%order": 1,
    "availability": 100,
    "availabilityValue": 1,
    "color": "#0CCAE8",
    "commentedstop": 0,
    "date": "2022-11-08",
    "definedQty": 237.35,
    "definedScrapQty": 0,
    "entityGroupName": "technicalavailability",
    "idealperformanceqty": 0,
    "idealqty": 125.33,
    "oee": 189.38,
    "oeeValue": 1.89380037,
    "operator": "",
    "performance": 189.380037,
    "performanceValue": 1.89380037,
    "plannedstop": 0,
    "plannedstopnotincludedinoee": 0,
    "plannedtime": 0,
    "product": "Evocon device II",
    "productId": 502,
    "productiontime": 0,
    "qty": 0,
    "quality": 100,
    "qualityValue": 1,
    "rowproducedaltqty": 137.35,
    "scrapqty": 0,
    "shifttemplate": "Kerli test shift",
    "station": "Evocon production line T2",
    "stationId": 1,
    "stationgroup": "Tehas 2",
    "stationgroupId": 1,
    "teamId": 0,
    "technicalGroupCalendarTimeSec": undefined,
    "technicalGroupPlannedStopNotIncludedInOEE": 0,
    "technicalGroupPlannedTime": 14100,
    "technicalGroupTechnicalStop": 0,
    "technicalGroupTotalAltQty": 137.35,
    "technicalGroupTotalQty": 237.35,
    "technicalavailability": 100,
    "technicalavailabilityValue": 1,
    "technicalstop": 0,
    "uncommentedstop": 0,
    "unitId": "pc",
    "unplannedstop": 0,
  },
]
`;

exports[`ReportsDataPreprocessor > if buildPreprocessedEntries creates processed entries with expected properties for config type: QUANTITY 1`] = `
[
  {
    "%groupId": "scrap",
    "%order": 1,
    "color": "#F28A0D",
    "date": "2022-11-08",
    "entityGroupName": "Scrap",
    "idealperformancealtqty": 75.33,
    "idealperformanceqty": 125.33,
    "operator": "",
    "product": "Evocon device II",
    "productId": 502,
    "scrapGroupIdealAltQty": 75.33,
    "scrapGroupIdealPerformanceAltQty": 75.33,
    "scrapGroupIdealPerformanceQty": 125.33,
    "scrapGroupIdealQty": 125.33,
    "scrapGroupScrapAltQty": 0,
    "scrapGroupScrapQty": 0,
    "scrapGroupTotalAltQty": 137.35,
    "scrapGroupTotalQty": 237.35,
    "shifttemplate": "Kerli test shift",
    "station": "Evocon production line T2",
    "stationId": 1,
    "stationgroup": "Tehas 2",
    "stationgroupId": 1,
    "teamId": 0,
    "unitId": "pc",
  },
  {
    "%groupId": "good",
    "%order": 2,
    "color": "#2ECC71",
    "date": "2022-11-08",
    "entityGroupName": "Good quantity",
    "goodGroupGoodAltQty": 137.35,
    "goodGroupGoodQty": 237.35,
    "goodGroupIdealAltQty": 75.33,
    "goodGroupIdealPerformanceAltQty": 75.33,
    "goodGroupIdealPerformanceQty": 125.33,
    "goodGroupIdealQty": 125.33,
    "goodGroupTotalAltQty": 137.35,
    "goodGroupTotalQty": 237.35,
    "idealperformancealtqty": 75.33,
    "idealperformanceqty": 125.33,
    "operator": "",
    "product": "Evocon device II",
    "productId": 502,
    "shifttemplate": "Kerli test shift",
    "station": "Evocon production line T2",
    "stationId": 1,
    "stationgroup": "Tehas 2",
    "stationgroupId": 1,
    "teamId": 0,
    "unitId": "pc",
  },
  {
    "%groupId": "potential",
    "%order": 3,
    "color": "#CCCCCC",
    "date": "2022-11-08",
    "entityGroupName": "Potential",
    "idealperformancealtqty": 75.33,
    "idealperformanceqty": 125.33,
    "operator": "",
    "potentialGroupIdealAltQty": 75.33,
    "potentialGroupIdealPerformanceAltQty": 75.33,
    "potentialGroupIdealPerformanceQty": 125.33,
    "potentialGroupIdealQty": 125.33,
    "potentialGroupTotalAltQty": 137.35,
    "potentialGroupTotalQty": 237.35,
    "product": "Evocon device II",
    "productId": 502,
    "shifttemplate": "Kerli test shift",
    "station": "Evocon production line T2",
    "stationId": 1,
    "stationgroup": "Tehas 2",
    "stationgroupId": 1,
    "teamId": 0,
    "unitId": "pc",
  },
]
`;

exports[`ReportsDataPreprocessor > if buildPreprocessedEntries creates processed entries with expected properties for config type: TIME_USAGE 1`] = `
[
  {
    "%groupId": "good",
    "%order": 1,
    "color": "#0AAC00",
    "date": "2022-11-08",
    "entityGroupName": "goodproduction",
    "goodGroupGoodProduction": 14100,
    "goodGroupPlannedStop": 0,
    "goodGroupPlannedStopIncludedInOEE": 0,
    "goodGroupPlannedStopNotIncludedInOEE": 0,
    "goodGroupPlannedTime": 14100,
    "goodproduction": 14100,
    "operator": "",
    "plannedstop": 0,
    "plannedstopincludedinoee": 0,
    "plannedstopnotincludedinoee": 0,
    "plannedtime": 14100,
    "product": "Evocon device II",
    "productId": 502,
    "rowproducedaltqty": 137.35,
    "rowproducedqty": 237.35,
    "shifttemplate": "Kerli test shift",
    "slowproduction": 0,
    "station": "Evocon production line T2",
    "stationId": 1,
    "stationgroup": "Tehas 2",
    "stationgroupId": 1,
    "stops": 0,
    "teamId": 0,
    "uncommentedstop": 0,
    "unitId": "pc",
    "unplannedstop": 0,
  },
  {
    "%groupId": "slow",
    "%order": 2,
    "color": "#FDD505",
    "date": "2022-11-08",
    "entityGroupName": "Speed loss",
    "goodproduction": 14100,
    "operator": "",
    "plannedstop": 0,
    "plannedstopincludedinoee": 0,
    "plannedstopnotincludedinoee": 0,
    "plannedtime": 14100,
    "product": "Evocon device II",
    "productId": 502,
    "rowproducedaltqty": 137.35,
    "rowproducedqty": 237.35,
    "shifttemplate": "Kerli test shift",
    "slowGroupPlannedStop": 0,
    "slowGroupPlannedStopIncludedInOEE": 0,
    "slowGroupPlannedStopNotIncludedInOEE": 0,
    "slowGroupPlannedTime": 14100,
    "slowGroupSlowProduction": 0,
    "slowproduction": 0,
    "station": "Evocon production line T2",
    "stationId": 1,
    "stationgroup": "Tehas 2",
    "stationgroupId": 1,
    "stops": 0,
    "teamId": 0,
    "uncommentedstop": 0,
    "unitId": "pc",
    "unplannedstop": 0,
  },
  {
    "%groupId": "unplannedStop",
    "%order": 3,
    "color": "#851114",
    "date": "2022-11-08",
    "entityGroupName": "Unplanned stops",
    "goodproduction": 14100,
    "operator": "",
    "plannedstop": 0,
    "plannedstopincludedinoee": 0,
    "plannedstopnotincludedinoee": 0,
    "plannedtime": 14100,
    "product": "Evocon device II",
    "productId": 502,
    "rowproducedaltqty": 137.35,
    "rowproducedqty": 237.35,
    "shifttemplate": "Kerli test shift",
    "slowproduction": 0,
    "station": "Evocon production line T2",
    "stationId": 1,
    "stationgroup": "Tehas 2",
    "stationgroupId": 1,
    "stops": 0,
    "teamId": 0,
    "uncommentedstop": 0,
    "unitId": "pc",
    "unplannedStopGroupPlannedStop": 0,
    "unplannedStopGroupPlannedStopIncludedInOEE": 0,
    "unplannedStopGroupPlannedStopNotIncludedInOEE": 0,
    "unplannedStopGroupPlannedTime": 14100,
    "unplannedStopGroupUnplannedStop": 0,
    "unplannedstop": 0,
  },
  {
    "%groupId": "uncommentedStop",
    "%order": 4,
    "color": "#E01C21",
    "date": "2022-11-08",
    "entityGroupName": "Uncommented",
    "goodproduction": 14100,
    "operator": "",
    "plannedstop": 0,
    "plannedstopincludedinoee": 0,
    "plannedstopnotincludedinoee": 0,
    "plannedtime": 14100,
    "product": "Evocon device II",
    "productId": 502,
    "rowproducedaltqty": 137.35,
    "rowproducedqty": 237.35,
    "shifttemplate": "Kerli test shift",
    "slowproduction": 0,
    "station": "Evocon production line T2",
    "stationId": 1,
    "stationgroup": "Tehas 2",
    "stationgroupId": 1,
    "stops": 0,
    "teamId": 0,
    "uncommentedStopGroupPlannedStop": 0,
    "uncommentedStopGroupPlannedStopIncludedInOEE": 0,
    "uncommentedStopGroupPlannedStopNotIncludedInOEE": 0,
    "uncommentedStopGroupPlannedTime": 14100,
    "uncommentedStopGroupUncommentedStop": 0,
    "uncommentedstop": 0,
    "unitId": "pc",
    "unplannedstop": 0,
  },
  {
    "%groupId": "plannedStopIncludedInOee",
    "%order": 5,
    "color": "#707070",
    "date": "2022-11-08",
    "entityGroupName": "Planned stops (incl. in OEE)",
    "goodproduction": 14100,
    "operator": "",
    "plannedStopInclGroupPlannedStop": 0,
    "plannedStopInclGroupPlannedStopIncludedInOEE": 0,
    "plannedStopInclGroupPlannedStopNotIncludedInOEE": 0,
    "plannedStopInclGroupPlannedTime": 14100,
    "plannedstop": 0,
    "plannedstopincludedinoee": 0,
    "plannedstopnotincludedinoee": 0,
    "plannedtime": 14100,
    "product": "Evocon device II",
    "productId": 502,
    "rowproducedaltqty": 137.35,
    "rowproducedqty": 237.35,
    "shifttemplate": "Kerli test shift",
    "slowproduction": 0,
    "station": "Evocon production line T2",
    "stationId": 1,
    "stationgroup": "Tehas 2",
    "stationgroupId": 1,
    "stops": 0,
    "teamId": 0,
    "uncommentedstop": 0,
    "unitId": "pc",
    "unplannedstop": 0,
  },
  {
    "%groupId": "plannedStopNotIncludedInOee",
    "%order": 6,
    "color": "#303030",
    "date": "2022-11-08",
    "entityGroupName": "Planned stops (excl. from OEE)",
    "goodproduction": 14100,
    "operator": "",
    "plannedStopNotInclGroupPlannedStop": 0,
    "plannedStopNotInclGroupPlannedStopIncludedInOEE": 0,
    "plannedStopNotInclGroupPlannedStopNotIncludedInOEE": 0,
    "plannedStopNotInclGroupPlannedTime": 14100,
    "plannedstop": 0,
    "plannedstopincludedinoee": 0,
    "plannedstopnotincludedinoee": 0,
    "plannedtime": 14100,
    "product": "Evocon device II",
    "productId": 502,
    "rowproducedaltqty": 137.35,
    "rowproducedqty": 237.35,
    "shifttemplate": "Kerli test shift",
    "slowproduction": 0,
    "station": "Evocon production line T2",
    "stationId": 1,
    "stationgroup": "Tehas 2",
    "stationgroupId": 1,
    "stops": 0,
    "teamId": 0,
    "uncommentedstop": 0,
    "unitId": "pc",
    "unplannedstop": 0,
  },
]
`;

exports[`ReportsDataPreprocessor > if getPlaceholderEntriesMap returns dates map with expected properties when granularity is NOT TOTAL 1`] = `
Map {
  "2022-11-11" => {
    "date": "2022-11-11",
    "isFake": true,
  },
  "2022-11-12" => {
    "date": "2022-11-12",
    "isFake": true,
  },
  "2022-11-13" => {
    "date": "2022-11-13",
    "isFake": true,
  },
  "2022-11-14" => {
    "date": "2022-11-14",
    "isFake": true,
  },
}
`;
